C:/online_cpptest/SEC-7/DevelopSampleProject/Timer/clock.c
C:/online_cpptest/SEC-7/DevelopSampleProject/Timer/clock.h
C:/online_cpptest/SEC-7/DevelopSampleProject/Timer/consts.h
C:/online_cpptest/SEC-7/DevelopSampleProject/Timer/driver.c
C:/online_cpptest/SEC-7/DevelopSampleProject/Timer/inout.h
C:/online_cpptest/SEC-7/DevelopSampleProject/Timer/stdinout.c
C:/online_cpptest/SEC-7/DevelopSampleProject/Timer/timer.c
C:/online_cpptest/SEC-7/DevelopSampleProject/Timer/timer.h
C:/online_cpptest/SEC-7/DevelopSampleProject/BD_Check/BD_check.h
C:/online_cpptest/SEC-7/DevelopSampleProject/BD_Check/BD_check1.c
C:/online_cpptest/SEC-7/DevelopSampleProject/BD_Check/BD_check2.c
C:/online_cpptest/SEC-7/DevelopSampleProject/BugDetective/arrayOutOfBounds.c
C:/online_cpptest/SEC-7/DevelopSampleProject/BugDetective/bufferOverflow.c
C:/online_cpptest/SEC-7/DevelopSampleProject/BugDetective/dbutil.c
C:/online_cpptest/SEC-7/DevelopSampleProject/BugDetective/dbutil.h
C:/online_cpptest/SEC-7/DevelopSampleProject/BugDetective/divisionByZero.c
C:/online_cpptest/SEC-7/DevelopSampleProject/BugDetective/fileLeaks.c
C:/online_cpptest/SEC-7/DevelopSampleProject/BugDetective/integerOverflow.c
C:/online_cpptest/SEC-7/DevelopSampleProject/BugDetective/memoryLeaks.c
C:/online_cpptest/SEC-7/DevelopSampleProject/BugDetective/nullPointerDeref.c
C:/online_cpptest/SEC-7/DevelopSampleProject/BugDetective/nullPointerDerefBenchmark.c
C:/online_cpptest/SEC-7/DevelopSampleProject/BugDetective/socket.h
C:/online_cpptest/SEC-7/DevelopSampleProject/BugDetective/sql.c
C:/online_cpptest/SEC-7/DevelopSampleProject/BugDetective/sql.h
C:/online_cpptest/SEC-7/DevelopSampleProject/BugDetective/sqlInjection.c
C:/online_cpptest/SEC-7/DevelopSampleProject/BugDetective/unreachableCode.c
C:/online_cpptest/SEC-7/DevelopSampleProject/BugDetective/useBeforeInit.c
C:/online_cpptest/SEC-7/DevelopSampleProject/Control/fan.c
C:/online_cpptest/SEC-7/DevelopSampleProject/Control/fan_control.c
C:/online_cpptest/SEC-7/DevelopSampleProject/Control/fan_control.h
C:/online_cpptest/SEC-7/DevelopSampleProject/Sensor/sensor.c
C:/online_cpptest/SEC-7/DevelopSampleProject/Shapes/BetterRectangle.cpp
C:/online_cpptest/SEC-7/DevelopSampleProject/Shapes/BetterRectangle.h
C:/online_cpptest/SEC-7/DevelopSampleProject/Shapes/BetterSquare.h
C:/online_cpptest/SEC-7/DevelopSampleProject/Shapes/Logger.cpp
C:/online_cpptest/SEC-7/DevelopSampleProject/Shapes/Logger.h
C:/online_cpptest/SEC-7/DevelopSampleProject/Shapes/Main.cpp
C:/online_cpptest/SEC-7/DevelopSampleProject/Shapes/Point.cpp
C:/online_cpptest/SEC-7/DevelopSampleProject/Shapes/Point.h
C:/online_cpptest/SEC-7/DevelopSampleProject/Shapes/Rectangle.cpp
C:/online_cpptest/SEC-7/DevelopSampleProject/Shapes/Rectangle.h
C:/online_cpptest/SEC-7/DevelopSampleProject/Shapes/Shape.h
C:/online_cpptest/SEC-7/DevelopSampleProject/Shapes/Square.cpp
C:/online_cpptest/SEC-7/DevelopSampleProject/Shapes/Square.h
